k141_6:1-4917_1+	NZ_CP007265.1:4378971-4556659_5+	k141_0:1-2241_11+	c	
NZ_CP007265.1:1567645-1773158_3+	NZ_CP007265.1:1773158-2051863_25+	NZ_CP007265.1:2051863-2051962_65+	NZ_CP007265.1:2051962-2057011_63+	NZ_CP007265.1:2057011-2057439_71+	NZ_CP007265.1:2057439-2427291_9+	k141_3:1-3555_8-	NZ_CP007265.1:4574022-4758629_23+	NZ_CP007265.1:1-74035_39+	NZ_CP007265.1:74035-75760_73+	NZ_CP007265.1:75760-77022_17+	k141_5:1-2384_16-	k141_1:1-831_13+	
k141_4:1-7822_19+	NZ_CP007265.1:2898862-3341603_21+	NZ_CP007265.1:3341603-3342671_75+	
NZ_CP007265.1:2787119-2898862_28-	NZ_CP007265.1:2780353-2787119_78-	NZ_CP007265.1:2780227-2780353_80-	NZ_CP007265.1:2720257-2780227_34-	NZ_CP007265.1:2427291-2720257_48-	NZ_CP007265.1:1474679-1567645_46-	NZ_CP007265.1:1467300-1474679_44-	NZ_CP007265.1:1368490-1467300_50-	NZ_CP007265.1:1360900-1368490_56-	NZ_CP007265.1:1116556-1360900_62-	NZ_CP007265.1:1101484-1116556_32-	NZ_CP007265.1:516641-1101484_70-	NZ_CP007265.1:510040-516641_60-	NZ_CP007265.1:475615-510040_68-	NZ_CP007265.1:471235-475615_58-	
NZ_CP007265.1:3506998-4378135_41+	k141_2:1-1824_35+	NZ_CP007265.1:77022-471235_37+	
NZ_CP007265.1:3342671-3346093_81+	NZ_CP007265.1:3346093-3346354_51+	NZ_CP007265.1:3346354-3506998_53+	
